// Jest Snapshot v1, https://goo.gl/fbAQLP

exports[`When Button is Clicked 1`] = `
<button
  className="root body"
>
  Facebook
</button>
`;
